// Jest Snapshot v1, https://goo.gl/fbAQLP

exports[`CreateInvoice component snapshot của giao diện CreateInvoice 1`] = `
<div>
  <div
    class="sc-Qotzb kHgNuq"
  >
    <div>
      Mocked Sidebar
    </div>
    <div
      class="sc-fYsHOw kNBMvL"
    >
      <div
        class="sc-dIMoHT ptlkG"
      >
        <h2>
          Danh sách thuốc
        </h2>
        <input
          class="sc-jJAtPt gJjuJV"
          placeholder="Tìm kiếm thuốc..."
          type="text"
          value=""
        />
        <table
          class="sc-kpOvIu gQPgZZ"
        >
          <thead>
            <tr>
              <th
                class="sc-icnseD dsOihg"
              >
                Mã thuốc
              </th>
              <th
                class="sc-icnseD dsOihg"
              >
                Tên thuốc
              </th>
              <th
                class="sc-icnseD dsOihg"
              >
                Đơn vị tính
              </th>
              <th
                class="sc-icnseD dsOihg"
              >
                Tồn kho
              </th>
              <th
                class="sc-icnseD dsOihg"
              >
                Đơn giá
              </th>
              <th
                class="sc-icnseD dsOihg"
              >
                Hành động
              </th>
            </tr>
          </thead>
          <tbody>
            <tr>
              <td
                class="sc-jMsorb excHwE"
              >
                MED001
              </td>
              <td
                class="sc-jMsorb excHwE"
              >
                Paracetamol
              </td>
              <td
                class="sc-jMsorb excHwE"
              >
                Box
              </td>
              <td
                class="sc-jMsorb excHwE"
              >
                100
              </td>
              <td
                class="sc-jMsorb excHwE"
              >
                5.000
                 VND
              </td>
              <td
                class="sc-jMsorb excHwE"
              >
                <button
                  class="sc-cXawGu fVWAra"
                >
                  Chọn
                </button>
              </td>
            </tr>
            <tr>
              <td
                class="sc-jMsorb excHwE"
              >
                MED002
              </td>
              <td
                class="sc-jMsorb excHwE"
              >
                Ibuprofen
              </td>
              <td
                class="sc-jMsorb excHwE"
              >
                Box
              </td>
              <td
                class="sc-jMsorb excHwE"
              >
                50
              </td>
              <td
                class="sc-jMsorb excHwE"
              >
                7.000
                 VND
              </td>
              <td
                class="sc-jMsorb excHwE"
              >
                <button
                  class="sc-cXawGu fVWAra"
                >
                  Chọn
                </button>
              </td>
            </tr>
          </tbody>
        </table>
      </div>
    </div>
    <div
      class="sc-dKREkF bIxqHp"
    >
      <div
        class="sc-iQQCXo kkwgmI"
      >
        <h2>
          Giỏ hàng
        </h2>
        <table
          class="sc-kpOvIu gQPgZZ"
        >
          <thead>
            <tr>
              <th
                class="sc-icnseD dsOihg"
              >
                Tên thuốc
              </th>
              <th
                class="sc-icnseD dsOihg"
              >
                Số lượng
              </th>
              <th
                class="sc-icnseD dsOihg"
              >
                Đơn giá
              </th>
              <th
                class="sc-icnseD dsOihg"
              >
                Thành tiền
              </th>
              <th
                class="sc-icnseD dsOihg"
              >
                Hành động
              </th>
            </tr>
          </thead>
          <tbody />
        </table>
      </div>
      <div
        class="sc-gDpztx hjTvVs"
      >
        <h2>
          Thông tin hóa đơn
        </h2>
        <input
          class="sc-jJAtPt gJjuJV"
          placeholder="Tên khách hàng"
          required=""
          type="text"
          value=""
        />
        <input
          class="sc-jJAtPt gJjuJV"
          placeholder="Số điện thoại"
          required=""
          type="text"
          value=""
        />
        <select
          aria-label="Chọn giới tính"
          class="sc-cUiCeM bufxfA"
          required=""
        >
          <option
            value=""
          >
            Chọn giới tính
          </option>
          <option
            value="Male"
          >
            Nam
          </option>
          <option
            value="Female"
          >
            Nữ
          </option>
          <option
            value="Other"
          >
            Khác
          </option>
        </select>
        <input
          class="sc-jJAtPt gJjuJV"
          placeholder="Địa chỉ"
          required=""
          type="text"
          value=""
        />
        <select
          class="sc-cUiCeM bufxfA"
          required=""
        >
          <option
            value="Cash"
          >
            Tiền mặt
          </option>
          <option
            value="Card"
          >
            Thẻ
          </option>
        </select>
        <select
          class="sc-cUiCeM bufxfA"
          required=""
        >
          <option
            value="Paid"
          >
            Đã thanh toán
          </option>
          <option
            value="Pending"
          >
            Chưa thanh toán
          </option>
        </select>
        <h3>
          Tổng hóa đơn: 
          0
           VND
        </h3>
        <div
          style="display: flex; justify-content: space-between; margin-top: 1rem;"
        >
          <button
            class="sc-cXawGu fVWAra"
            style="background-color: red;"
          >
            HỦY BỎ
          </button>
          <button
            class="sc-cXawGu fVWAra"
            style="background-color: green;"
          >
            TẠO HÓA ĐƠN
          </button>
        </div>
      </div>
    </div>
  </div>
</div>
`;
