// Jest Snapshot v1, https://goo.gl/fbAQLP

exports[`Employees component snapshot của giao diện Employees 1`] = `
<div>
  <div
    class="sc-Qotzb kjsCWq"
  >
    <div>
      Mocked Sidebar
    </div>
    <div
      class="sc-fYsHOw gJKJmj"
    >
      <div
        class="sc-dKREkF eYbohZ"
      >
        <div>
          <button
            class="sc-dIMoHT gihNvT"
          >
            <span>
              FaUserPlus
            </span>
             Thêm nhân viên
          </button>
        </div>
        <div
          class="sc-fWnslK dqppBM"
        >
          <input
            class="sc-iQQCXo gmLwfM"
            placeholder="Tìm kiếm nhân viên..."
            type="text"
            value=""
          />
          <span>
            FaSearch
          </span>
        </div>
      </div>
      <div
        class="sc-gDpztx bpFYOL"
      >
        <label
          class="sc-kpOvIu bBlaYs"
        >
          Sắp xếp
          <select
            aria-label="Sắp xếp nhân viên"
            class="sc-etfXYe ljoovI"
          >
            <option
              value=""
            >
              Mặc định
            </option>
            <option
              value="newest"
            >
              Mới nhất
            </option>
            <option
              value="oldest"
            >
              Cũ nhất
            </option>
          </select>
        </label>
        <label
          class="sc-kpOvIu bBlaYs"
        >
          Ngày cụ thể
          <input
            aria-label="Lọc nhân viên theo ngày cụ thể"
            class="sc-lixPIL hVLEYZ"
            type="date"
            value=""
          />
        </label>
        <label
          class="sc-kpOvIu bBlaYs"
        >
          Từ ngày
          <input
            aria-label="Lọc nhân viên từ ngày"
            class="sc-lixPIL hVLEYZ"
            type="date"
            value=""
          />
        </label>
        <label
          class="sc-kpOvIu bBlaYs"
        >
          Đến ngày
          <input
            aria-label="Lọc nhân viên đến ngày"
            class="sc-lixPIL hVLEYZ"
            type="date"
            value=""
          />
        </label>
        <button
          class="sc-dIMoHT gihNvT"
          type="button"
        >
          Bỏ lọc
        </button>
      </div>
      <h2
        class="sc-dFaThA fkqOSQ"
      >
        DANH SÁCH THÔNG TIN NHÂN VIÊN
      </h2>
      <div
        class="sc-jMsorb gnKPKP"
      >
        <table
          class="sc-icnseD eeUuPb"
        >
          <colgroup>
            <col
              style="width: 5%;"
            />
            <col
              style="width: 11%;"
            />
            <col
              style="width: 18%;"
            />
            <col
              style="width: 13%;"
            />
            <col
              style="width: 8%;"
            />
            <col
              style="width: 12%;"
            />
            <col
              style="width: 12%;"
            />
            <col
              style="width: 9%;"
            />
            <col
              style="width: 12%;"
            />
          </colgroup>
          <thead>
            <tr>
              <th
                class="sc-cXawGu eesSqH"
              >
                STT
              </th>
              <th
                class="sc-cXawGu eesSqH"
              >
                Mã nhân viên
              </th>
              <th
                class="sc-cXawGu eesSqH"
              >
                Họ tên
              </th>
              <th
                class="sc-cXawGu eesSqH"
              >
                Số điện thoại
              </th>
              <th
                class="sc-cXawGu eesSqH"
              >
                Giới tính
              </th>
              <th
                class="sc-cXawGu eesSqH"
              >
                Ngày sinh
              </th>
              <th
                class="sc-cXawGu eesSqH"
              >
                Ngày vào làm
              </th>
              <th
                class="sc-cXawGu eesSqH"
              >
                Trạng thái
              </th>
              <th
                class="sc-cXawGu eesSqH"
              >
                Hành động
              </th>
            </tr>
          </thead>
          <tbody>
            <tr>
              <td
                class="sc-jJAtPt bTueJt"
              >
                1
              </td>
              <td
                class="sc-jJAtPt bTueJt"
              >
                AB12CDEF
              </td>
              <td
                class="sc-jJAtPt bTueJt"
              >
                Nguyen Van A
              </td>
              <td
                class="sc-jJAtPt bTueJt"
              >
                0123456789
              </td>
              <td
                class="sc-jJAtPt bTueJt"
              >
                Nam
              </td>
              <td
                class="sc-jJAtPt bTueJt"
              >
                10/02/1990
              </td>
              <td
                class="sc-jJAtPt bTueJt"
              >
                15/01/2023
              </td>
              <td
                class="sc-jJAtPt bTueJt"
              >
                <span
                  class="sc-fjUQFl coJAim"
                >
                  Đang làm
                </span>
              </td>
              <td
                class="sc-jJAtPt bTueJt"
              >
                <div
                  class="sc-cUiCeM jolnxA"
                >
                  <button
                    class="sc-dIMoHT gihNvT"
                  >
                    Sửa
                  </button>
                  <button
                    class="sc-dIMoHT gihNvT"
                  >
                    Nghỉ việc
                  </button>
                </div>
              </td>
            </tr>
            <tr>
              <td
                class="sc-jJAtPt bTueJt"
              >
                2
              </td>
              <td
                class="sc-jJAtPt bTueJt"
              >
                XY34WXYZ
              </td>
              <td
                class="sc-jJAtPt bTueJt"
              >
                Tran Thi B
              </td>
              <td
                class="sc-jJAtPt bTueJt"
              >
                0987654321
              </td>
              <td
                class="sc-jJAtPt bTueJt"
              >
                Nữ
              </td>
              <td
                class="sc-jJAtPt bTueJt"
              >
                21/07/1995
              </td>
              <td
                class="sc-jJAtPt bTueJt"
              >
                20/06/2023
              </td>
              <td
                class="sc-jJAtPt bTueJt"
              >
                <span
                  class="sc-fjUQFl coJAim"
                >
                  Đang làm
                </span>
              </td>
              <td
                class="sc-jJAtPt bTueJt"
              >
                <div
                  class="sc-cUiCeM jolnxA"
                >
                  <button
                    class="sc-dIMoHT gihNvT"
                  >
                    Sửa
                  </button>
                  <button
                    class="sc-dIMoHT gihNvT"
                  >
                    Nghỉ việc
                  </button>
                </div>
              </td>
            </tr>
          </tbody>
        </table>
      </div>
      <h2
        class="sc-dFaThA fkqOSQ"
      >
        NHÂN VIÊN ĐÃ NGHỈ VIỆC
      </h2>
      <div
        class="sc-jMsorb gnKPKP"
      >
        <table
          class="sc-icnseD eeUuPb"
        >
          <colgroup>
            <col
              style="width: 5%;"
            />
            <col
              style="width: 11%;"
            />
            <col
              style="width: 19%;"
            />
            <col
              style="width: 13%;"
            />
            <col
              style="width: 8%;"
            />
            <col
              style="width: 12%;"
            />
            <col
              style="width: 12%;"
            />
            <col
              style="width: 12%;"
            />
            <col
              style="width: 8%;"
            />
          </colgroup>
          <thead>
            <tr>
              <th
                class="sc-cXawGu eesSqH"
              >
                STT
              </th>
              <th
                class="sc-cXawGu eesSqH"
              >
                Mã nhân viên
              </th>
              <th
                class="sc-cXawGu eesSqH"
              >
                Họ tên
              </th>
              <th
                class="sc-cXawGu eesSqH"
              >
                Số điện thoại
              </th>
              <th
                class="sc-cXawGu eesSqH"
              >
                Giới tính
              </th>
              <th
                class="sc-cXawGu eesSqH"
              >
                Ngày sinh
              </th>
              <th
                class="sc-cXawGu eesSqH"
              >
                Ngày vào làm
              </th>
              <th
                class="sc-cXawGu eesSqH"
              >
                Ngày nghỉ việc
              </th>
              <th
                class="sc-cXawGu eesSqH"
              >
                Trạng thái
              </th>
            </tr>
          </thead>
          <tbody>
            <tr>
              <td
                class="sc-jScdur cUnuJy"
                colspan="9"
              >
                Chưa có nhân viên nghỉ việc phù hợp với bộ lọc.
              </td>
            </tr>
          </tbody>
        </table>
      </div>
    </div>
  </div>
</div>
`;
