// Jest Snapshot v1, https://goo.gl/fbAQLP

exports[`ListPayments component snapshot của giao diện ListPayments 1`] = `
<div>
  <div
    class="sc-Qotzb bcHSZN"
  >
    <div>
      Mocked Sidebar
    </div>
    <div
      class="sc-jScdur erhSGQ"
      style="margin-left: 0px; padding: 1rem;"
    >
      <div
        class="sc-dcKlJK hheukK"
      >
        <div>
          <input
            class="sc-jJAtPt gtDicj"
            placeholder="Tìm kiếm phiếu thu..."
            type="text"
            value=""
          />
        </div>
      </div>
      <h2>
        DANH SÁCH PHIẾU THU
      </h2>
      <table
        class="sc-kpOvIu gSorJh"
      >
        <thead>
          <tr>
            <th
              class="sc-icnseD jvQAJP"
            >
              STT
            </th>
            <th
              class="sc-icnseD jvQAJP"
            >
              Mã phiếu thu
            </th>
            <th
              class="sc-icnseD jvQAJP"
            >
              Thời gian
            </th>
             
            <th
              class="sc-icnseD jvQAJP"
            >
              Tên thuốc
            </th>
            <th
              class="sc-icnseD jvQAJP"
            >
              Nhà cung cấp
            </th>
            <th
              class="sc-icnseD jvQAJP"
            >
              Nhân viên
            </th>
            <th
              class="sc-icnseD jvQAJP"
            >
              Số lượng
            </th>
            <th
              class="sc-icnseD jvQAJP"
            >
              Đơn giá
            </th>
            <th
              class="sc-icnseD jvQAJP"
            >
              Hành động
            </th>
          </tr>
        </thead>
        <tbody>
          <tr>
            <td
              class="sc-jMsorb fUuZqH"
            >
              1
            </td>
            <td
              class="sc-jMsorb fUuZqH"
            >
              PAY001
            </td>
            <td
              class="sc-jMsorb fUuZqH"
            />
            <td
              class="sc-jMsorb fUuZqH"
            >
              Paracetamol
            </td>
            <td
              class="sc-jMsorb fUuZqH"
            >
              Công ty Dược A
            </td>
            <td
              class="sc-jMsorb fUuZqH"
            >
              Nguyễn Văn A
            </td>
            <td
              class="sc-jMsorb fUuZqH"
            >
              10
            </td>
            <td
              class="sc-jMsorb fUuZqH"
            >
              5,000
               VND
            </td>
            <td
              class="sc-jMsorb fUuZqH"
            >
              <button
                class="sc-cXawGu gZANlz"
              >
                Xóa
              </button>
            </td>
          </tr>
          <tr>
            <td
              class="sc-jMsorb fUuZqH"
            >
              2
            </td>
            <td
              class="sc-jMsorb fUuZqH"
            >
              PAY002
            </td>
            <td
              class="sc-jMsorb fUuZqH"
            />
            <td
              class="sc-jMsorb fUuZqH"
            >
              Amoxicillin
            </td>
            <td
              class="sc-jMsorb fUuZqH"
            >
              Công ty Dược B
            </td>
            <td
              class="sc-jMsorb fUuZqH"
            >
              Trần Thị B
            </td>
            <td
              class="sc-jMsorb fUuZqH"
            >
              20
            </td>
            <td
              class="sc-jMsorb fUuZqH"
            >
              10,000
               VND
            </td>
            <td
              class="sc-jMsorb fUuZqH"
            >
              <button
                class="sc-cXawGu gZANlz"
              >
                Xóa
              </button>
            </td>
          </tr>
        </tbody>
      </table>
    </div>
  </div>
</div>
`;
