// Jest Snapshot v1, https://goo.gl/fbAQLP

exports[`Medicines component snapshot cá»§a giao diá»‡n Medicines 1`] = `
<div>
  <div
    class="sc-Qotzb faffRo"
  >
    <div>
      Mocked Sidebar
    </div>
    <div
      class="sc-fYsHOw bhDuxZ"
    >
      <div
        class="sc-dKREkF cgYjGx"
      >
        <div>
          <button
            class="sc-fWnslK cGWGOW"
          >
            <svg
              fill="currentColor"
              height="1em"
              stroke="currentColor"
              stroke-width="0"
              style="margin-right: 0.5rem;"
              viewBox="0 0 448 512"
              width="1em"
              xmlns="http://www.w3.org/2000/svg"
            >
              <path
                d="M416 208H272V64c0-17.67-14.33-32-32-32h-32c-17.67 0-32 14.33-32 32v144H32c-17.67 0-32 14.33-32 32v32c0 17.67 14.33 32 32 32h144v144c0 17.67 14.33 32 32 32h32c17.67 0 32-14.33 32-32V304h144c17.67 0 32-14.33 32-32v-32c0-17.67-14.33-32-32-32z"
              />
            </svg>
             THÊM
          </button>
        </div>
        <div>
          <input
            class="sc-icnseD leSlgy"
            placeholder="Tìm kiếm thuốc..."
            type="text"
            value=""
          />
          <button
            class="sc-fWnslK cGWGOW"
          >
            <svg
              fill="currentColor"
              height="1em"
              stroke="currentColor"
              stroke-width="0"
              style="margin-right: 0.5rem;"
              viewBox="0 0 512 512"
              width="1em"
              xmlns="http://www.w3.org/2000/svg"
            >
              <path
                d="M216 0h80c13.3 0 24 10.7 24 24v168h87.7c17.8 0 26.7 21.5 14.1 34.1L269.7 378.3c-7.5 7.5-19.8 7.5-27.3 0L90.1 226.1c-12.6-12.6-3.7-34.1 14.1-34.1H192V24c0-13.3 10.7-24 24-24zm296 376v112c0 13.3-10.7 24-24 24H24c-13.3 0-24-10.7-24-24V376c0-13.3 10.7-24 24-24h146.7l49 49c20.1 20.1 52.5 20.1 72.6 0l49-49H488c13.3 0 24 10.7 24 24zm-124 88c0-11-9-20-20-20s-20 9-20 20 9 20 20 20 20-9 20-20zm64 0c0-11-9-20-20-20s-20 9-20 20 9 20 20 20 20-9 20-20z"
              />
            </svg>
            Tải xuống
          </button>
        </div>
      </div>
      <h2>
        DANH SÁCH THÔNG TIN THUỐC
      </h2>
      <table
        class="sc-dIMoHT SySBV"
      >
        <thead>
          <tr>
            <th
              class="sc-iQQCXo gYXfIx"
            >
              STT
            </th>
            <th
              class="sc-iQQCXo gYXfIx"
            >
              Mã thuốc
            </th>
            <th
              class="sc-iQQCXo gYXfIx"
            >
              Tên thuốc
            </th>
            <th
              class="sc-iQQCXo gYXfIx"
            >
              Thành phần
            </th>
            <th
              class="sc-iQQCXo gYXfIx"
            >
              Danh mục
            </th>
            <th
              class="sc-iQQCXo gYXfIx"
            >
              Xuất xứ
            </th>
            <th
              class="sc-iQQCXo gYXfIx"
            >
              Đơn vị tính
            </th>
            <th
              class="sc-iQQCXo gYXfIx"
            >
              Số lượng
            </th>
            <th
              class="sc-iQQCXo gYXfIx"
            >
              Đơn giá
            </th>
            <th
              class="sc-iQQCXo gYXfIx"
            >
              Hạn sử dụng
            </th>
            <th
              class="sc-iQQCXo gYXfIx"
            >
              Hành động
            </th>
          </tr>
        </thead>
        <tbody>
          <tr>
            <td
              class="sc-gDpztx ihtQlA"
            >
              1
            </td>
            <td
              class="sc-gDpztx ihtQlA"
            >
              MED001
            </td>
            <td
              class="sc-gDpztx ihtQlA"
            >
              Paracetamol
            </td>
            <td
              class="sc-gDpztx ihtQlA"
            >
              Paracetamol 500mg
            </td>
            <td
              class="sc-gDpztx ihtQlA"
            >
              Thuốc kê đơn
            </td>
            <td
              class="sc-gDpztx ihtQlA"
            >
              Việt Nam
            </td>
            <td
              class="sc-gDpztx ihtQlA"
            >
              Viên
            </td>
            <td
              class="sc-gDpztx ihtQlA"
            >
              100
            </td>
            <td
              class="sc-gDpztx ihtQlA"
            >
              5.000
               VND
            </td>
            <td
              class="sc-gDpztx ihtQlA"
            >
              31/12/2025
            </td>
            <td
              class="sc-gDpztx ihtQlA"
            >
              <button
                class="sc-fWnslK sc-cUiCeM cGWGOW fWOitJ"
              >
                Sửa
              </button>
              <button
                class="sc-fWnslK sc-cUiCeM cGWGOW fWOitJ"
              >
                Xóa
              </button>
            </td>
          </tr>
          <tr>
            <td
              class="sc-gDpztx ihtQlA"
            >
              2
            </td>
            <td
              class="sc-gDpztx ihtQlA"
            >
              MED002
            </td>
            <td
              class="sc-gDpztx ihtQlA"
            >
              Amoxicillin
            </td>
            <td
              class="sc-gDpztx ihtQlA"
            >
              Amoxicillin 250mg
            </td>
            <td
              class="sc-gDpztx ihtQlA"
            >
              Thuốc không kê đơn
            </td>
            <td
              class="sc-gDpztx ihtQlA"
            >
              Nhật Bản
            </td>
            <td
              class="sc-gDpztx ihtQlA"
            >
              Hộp
            </td>
            <td
              class="sc-gDpztx ihtQlA"
            >
              50
            </td>
            <td
              class="sc-gDpztx ihtQlA"
            >
              10.000
               VND
            </td>
            <td
              class="sc-gDpztx ihtQlA"
            >
              30/06/2025
            </td>
            <td
              class="sc-gDpztx ihtQlA"
            >
              <button
                class="sc-fWnslK sc-cUiCeM cGWGOW fWOitJ"
              >
                Sửa
              </button>
              <button
                class="sc-fWnslK sc-cUiCeM cGWGOW fWOitJ"
              >
                Xóa
              </button>
            </td>
          </tr>
        </tbody>
      </table>
    </div>
  </div>
</div>
`;
